2026-09-28 10:42:09,751 INFO o.a.j.u.JMeterUtils: Setting Locale to en_EN
2026-09-28 10:42:09,772 INFO o.a.j.JMeter: Loading user properties from: C:\apache-jmeter-5.6.3\bin\user.properties
2026-09-28 10:42:09,774 INFO o.a.j.JMeter: Loading system properties from: C:\apache-jmeter-5.6.3\bin\system.properties
2026-09-28 10:42:09,785 INFO o.a.j.JMeter: Copyright (c) 1998-2024 The Apache Software Foundation
2026-09-28 10:42:09,785 INFO o.a.j.JMeter: Version 5.6.3
2026-09-28 10:42:09,785 INFO o.a.j.JMeter: java.version=25.0.4.1
2026-09-28 10:42:09,785 INFO o.a.j.JMeter: java.vm.name=OpenJDK 64-Bit Server VM
2026-09-28 10:42:09,785 INFO o.a.j.JMeter: os.name=Windows 11
2026-09-28 10:42:09,785 INFO o.a.j.JMeter: os.arch=amd64
2026-09-28 10:42:09,785 INFO o.a.j.JMeter: os.version=10.0
2026-09-28 10:42:09,786 INFO o.a.j.JMeter: file.encoding=UTF-8
2026-09-28 10:42:09,790 INFO o.a.j.JMeter: java.awt.headless=null
2026-09-28 10:42:09,790 INFO o.a.j.JMeter: Max memory     =1073741824
2026-09-28 10:42:09,790 INFO o.a.j.JMeter: Available Processors =16
2026-09-28 10:42:09,811 INFO o.a.j.JMeter: Default Locale=English (EN)
2026-09-28 10:42:09,811 INFO o.a.j.JMeter: JMeter  Locale=English (EN)
2026-09-28 10:42:09,811 INFO o.a.j.JMeter: JMeterHome=C:\apache-jmeter-5.6.3
2026-09-28 10:42:09,811 INFO o.a.j.JMeter: user.dir  =C:\Users\msgoogle\ordinal-pringles
2026-09-28 10:42:09,812 INFO o.a.j.JMeter: PWD       =C:\Users\msgoogle\ordinal-pringles
2026-09-28 10:42:09,813 INFO o.a.j.JMeter: IP: 192.168.56.1 Name: DESKTOP-IETS84S FullName: DESKTOP-IETS84S
2026-09-28 10:42:09,829 INFO o.a.j.JMeter: Loaded icon properties from org/apache/jmeter/images/icon.properties
2026-09-28 10:42:10,054 INFO o.a.j.JMeterGuiLauncher: Setting LAF to: com.github.weisj.darklaf.DarkLaf:com.github.weisj.darklaf.theme.DarculaTheme
